// Jest Snapshot v1, https://goo.gl/fbAQLP

exports[`response schema returns 400 on validation error 1`] = `
{
  "error": "Bad Request",
  "message": "error(s) found
└─ ["name"]
   └─ is missing",
  "statusCode": 400,
}
`;
